Device booted
3(device4_intouch.log.rpt): 2013-10-02 Boot Start
111(device4_intouch.log.rpt): 2013-10-02 18:45:23 Boot Completed
	Boot Time: 165000ms 

Device booted
746(device4_intouch.log.rpt): 2013-10-03 Boot Start
854(device4_intouch.log.rpt): 2013-10-03 12:26:15 Boot Completed
	Boot Time: 174000ms 

Device booted
1458(device4_intouch.log.rpt): 2013-10-04 Boot Start
1567(device4_intouch.log.rpt): 2013-10-04 16:23:06 Boot Completed
	Boot Time: 183000ms 

Device booted
31847(device4_intouch.log.rpt): 2013-12-03 Boot Start
31955(device4_intouch.log.rpt): 2013-12-03 16:24:08 Boot Completed
	Boot Time: 175000ms 

Device booted
32788(device4_intouch.log.rpt): 2013-12-04 Boot Start
33031(device4_intouch.log.rpt): 2013-12-04 21:52:57 Boot Completed
	Boot Time: 150000ms 

Device booted
33144(device4_intouch.log.rpt): 2013-12-04 Boot Start
33389(device4_intouch.log.rpt): 2013-12-04 22:01:14 Boot Completed
	Boot Time: 149000ms 

Device booted
33676(device4_intouch.log.rpt): 2013-12-04 Boot Start
33919(device4_intouch.log.rpt): 2013-12-04 22:23:31 Boot Completed
	Boot Time: 148000ms 

Device booted
45294(device4_intouch.log.rpt): 2013-12-05 Boot Start
45537(device4_intouch.log.rpt): 2013-12-05 13:36:55 Boot Completed
	Boot Time: 150000ms 

Device booted
45614(device4_intouch.log.rpt): 2013-12-05 Boot Start
45857(device4_intouch.log.rpt): 2013-12-05 14:14:53 Boot Completed
	Boot Time: 148000ms 

Device booted
46116(device4_intouch.log.rpt): 2013-12-05 Boot Start
46352(device4_intouch.log.rpt): 2013-12-05 15:41:29 Boot Completed
	Boot Time: 147000ms 

Device booted
46356(device4_intouch.log.rpt): 2013-12-05 Boot Start
46599(device4_intouch.log.rpt): 2013-12-05 20:22:54 Boot Completed
	Boot Time: 150000ms 

Device booted
46791(device4_intouch.log.rpt): 2013-12-10 Boot Start
47034(device4_intouch.log.rpt): 2013-12-10 13:23:12 Boot Completed
	Boot Time: 149000ms 

Device booted
47699(device4_intouch.log.rpt): 2013-12-10 Boot Start
47990(device4_intouch.log.rpt): 2013-12-10 19:43:55 Boot Completed
	Boot Time: 177000ms 

Device booted
48099(device4_intouch.log.rpt): 2013-12-11 Boot Start
48340(device4_intouch.log.rpt): 2013-12-11 14:11:41 Boot Completed
	Boot Time: 150000ms 

Device booted
48344(device4_intouch.log.rpt): 2013-12-11 Boot Start
48635(device4_intouch.log.rpt): 2013-12-11 14:20:46 Boot Completed
	Boot Time: 177000ms 
