Device booted
1(device6_intouch.log.rpt): 2014-04-03 Boot Start
160(device6_intouch.log.rpt): 2014-04-03 20:31:01 Boot Completed
	Boot Time: 193000ms 

Device booted
82078(device6_intouch.log.rpt): 2014-04-09 Boot Start
82302(device6_intouch.log.rpt): 2014-04-09 14:54:39 Boot Completed
	Boot Time: 204000ms 

Device booted
85397(device6_intouch.log.rpt): 2014-04-10 Boot Start
85563(device6_intouch.log.rpt): 2014-04-10 18:16:37 Boot Completed
	Boot Time: 204000ms 

Device booted
85956(device6_intouch.log.rpt): 2014-04-10 Boot Start
86122(device6_intouch.log.rpt): 2014-04-10 19:14:24 Boot Completed
	Boot Time: 199000ms 

Device booted
86126(device6_intouch.log.rpt): 2014-04-10 Boot Start
86292(device6_intouch.log.rpt): 2014-04-10 19:21:56 Boot Completed
	Boot Time: 200000ms 

Device booted
86567(device6_intouch.log.rpt): 2014-04-10 Boot Start
86731(device6_intouch.log.rpt): 2014-04-10 19:35:36 Boot Completed
	Boot Time: 200000ms 

Device booted
86749(device6_intouch.log.rpt): 2014-04-10 Boot Start
86820(device6_intouch.log.rpt): 2014-04-10 20:09:07 Boot Completed
	Boot Time: 160000ms 

Device booted
86938(device6_intouch.log.rpt): 2014-04-11 Boot Start
87110(device6_intouch.log.rpt): 2014-04-11 00:18:49 Boot Completed
	Boot Time: 173000ms 

Device booted
87115(device6_intouch.log.rpt): 2014-04-11 Boot Start
87285(device6_intouch.log.rpt): 2014-04-11 13:31:12 Boot Completed
	Boot Time: 167000ms 

Device booted
87835(device6_intouch.log.rpt): 2014-04-11 Boot Start
88008(device6_intouch.log.rpt): 2014-04-11 14:00:49 Boot Completed
	Boot Time: 167000ms 

Device booted
88982(device6_intouch.log.rpt): 2014-04-11 Boot Start
89154(device6_intouch.log.rpt): 2014-04-11 14:26:31 Boot Completed
	Boot Time: 169000ms 

Device booted
90111(device6_intouch.log.rpt): 2014-04-14 Boot Start
Incomplete boot
Device booted
90134(device6_intouch.log.rpt): 2014-04-14 Boot Start
Incomplete boot
Device booted
90175(device6_intouch.log.rpt): 2014-04-14 Boot Start
90306(device6_intouch.log.rpt): 2014-04-14 12:21:25 Boot Completed
	Boot Time: 161000ms 
