Device booted
31062(device3_intouch.log.rpt): 2014-01-26 Boot Start
31175(device3_intouch.log.rpt): 2014-01-26 09:58:04 Boot Completed
	Boot Time: 177000ms 

Device booted
31273(device3_intouch.log.rpt): 2014-01-26 Boot Start
Incomplete boot
Device booted
31292(device3_intouch.log.rpt): 2014-01-26 Boot Start
31400(device3_intouch.log.rpt): 2014-01-26 14:05:24 Boot Completed
	Boot Time: 165000ms 

Device booted
32622(device3_intouch.log.rpt): 2014-01-27 Boot Start
Incomplete boot
Device booted
32640(device3_intouch.log.rpt): 2014-01-27 Boot Start
Incomplete boot
Device booted
32655(device3_intouch.log.rpt): 2014-01-27 Boot Start
Incomplete boot
Device booted
32673(device3_intouch.log.rpt): 2014-01-27 Boot Start
Incomplete boot
Device booted
32692(device3_intouch.log.rpt): 2014-01-27 Boot Start
32800(device3_intouch.log.rpt): 2014-01-27 14:05:21 Boot Completed
	Boot Time: 163000ms 

Device booted
33708(device3_intouch.log.rpt): 2014-01-28 Boot Start
Incomplete boot
Device booted
33724(device3_intouch.log.rpt): 2014-01-28 Boot Start
33832(device3_intouch.log.rpt): 2014-01-28 14:05:15 Boot Completed
	Boot Time: 162000ms 

Device booted
34593(device3_intouch.log.rpt): 2014-01-29 Boot Start
Incomplete boot
Device booted
34612(device3_intouch.log.rpt): 2014-01-29 Boot Start
34720(device3_intouch.log.rpt): 2014-01-29 14:05:19 Boot Completed
	Boot Time: 164000ms 

Device booted
37427(device3_intouch.log.rpt): 2014-01-30 Boot Start
Incomplete boot
Device booted
37446(device3_intouch.log.rpt): 2014-01-30 Boot Start
37554(device3_intouch.log.rpt): 2014-01-30 14:05:22 Boot Completed
	Boot Time: 162000ms 

Device booted
38257(device3_intouch.log.rpt): 2014-01-31 Boot Start
38365(device3_intouch.log.rpt): 2014-01-31 14:05:16 Boot Completed
	Boot Time: 163000ms 

Device booted
39149(device3_intouch.log.rpt): 2014-02-01 Boot Start
Incomplete boot
Device booted
39165(device3_intouch.log.rpt): 2014-02-01 Boot Start
Incomplete boot
Device booted
39181(device3_intouch.log.rpt): 2014-02-01 Boot Start
39289(device3_intouch.log.rpt): 2014-02-01 14:05:16 Boot Completed
	Boot Time: 164000ms 

Device booted
40287(device3_intouch.log.rpt): 2014-02-02 Boot Start
40396(device3_intouch.log.rpt): 2014-02-02 14:05:31 Boot Completed
	Boot Time: 172000ms 

Device booted
41614(device3_intouch.log.rpt): 2014-02-03 Boot Start
Incomplete boot
Device booted
41632(device3_intouch.log.rpt): 2014-02-03 Boot Start
Incomplete boot
Device booted
41647(device3_intouch.log.rpt): 2014-02-03 Boot Start
Incomplete boot
Device booted
41665(device3_intouch.log.rpt): 2014-02-03 Boot Start
Incomplete boot
Device booted
41683(device3_intouch.log.rpt): 2014-02-03 Boot Start
Incomplete boot
Device booted
41693(device3_intouch.log.rpt): 2014-02-03 Boot Start
41801(device3_intouch.log.rpt): 2014-02-03 14:05:18 Boot Completed
	Boot Time: 164000ms 
